// Jest Snapshot v1, https://goo.gl/fbAQLP

exports[`Workflow Data Object builds a tree that gets rendered in the flowchart builder 1`] = `
Array [
  Object {
    "args": Object {
      "time": 3000,
    },
    "body": "Delay for <b>3000</b> milliseconds",
    "heading": "DELAY",
    "id": "zJQcZUgDS",
    "name": "Delay",
    "params": Object {
      "time": "number",
    },
    "type": "LOGIC",
  },
  Object {
    "args": Object {
      "path": "foo",
      "value": "finished",
    },
    "body": "Update <b>foo</b> to <b>finished</b>",
    "heading": "SET_STATE",
    "id": "3RSTO7BMB",
    "name": "Update UI State",
    "params": Object {
      "path": "string",
      "value": "longText",
    },
    "type": "ACTION",
  },
  Object {
    "args": Object {
      "path": "foo",
      "value": "started...",
    },
    "body": "Update <b>foo</b> to <b>started...</b>",
    "heading": "SET_STATE",
    "id": "VFWeZcIPx",
    "name": "Update UI State",
    "params": Object {
      "path": "string",
      "value": "longText",
    },
    "type": "ACTION",
  },
]
`;
